// Jest Snapshot v1, https://goo.gl/fbAQLP

exports[`Main Component Tests main component details should render the component correctly 1`] = `null`;
